current directory: /home/runner/work/tgj-calendar-2026/tgj-calendar-2026/vendor/bundle/ruby/3.4.0/gems/psych-5.3.1/ext/psych
/opt/hostedtoolcache/Ruby/3.4.7/x64/bin/ruby extconf.rb
checking for pkg-config for yaml-0.1... [" ", "", "-lyaml"]
creating Makefile

current directory: /home/runner/work/tgj-calendar-2026/tgj-calendar-2026/vendor/bundle/ruby/3.4.0/gems/psych-5.3.1/ext/psych
make DESTDIR\= sitearchdir\=./.gem.20260114-2232-h8631l sitelibdir\=./.gem.20260114-2232-h8631l clean
cd libyaml && make clean
/bin/sh: 1: cd: can't cd to libyaml
make: [Makefile:287: clean-so] Error 2 (ignored)

current directory: /home/runner/work/tgj-calendar-2026/tgj-calendar-2026/vendor/bundle/ruby/3.4.0/gems/psych-5.3.1/ext/psych
make DESTDIR\= sitearchdir\=./.gem.20260114-2232-h8631l sitelibdir\=./.gem.20260114-2232-h8631l
compiling psych.c
compiling psych_emitter.c
compiling psych_parser.c
compiling psych_to_ruby.c
compiling psych_yaml_tree.c
linking shared-object psych.so

current directory: /home/runner/work/tgj-calendar-2026/tgj-calendar-2026/vendor/bundle/ruby/3.4.0/gems/psych-5.3.1/ext/psych
make DESTDIR\= sitearchdir\=./.gem.20260114-2232-h8631l sitelibdir\=./.gem.20260114-2232-h8631l install
/usr/bin/install -c -m 0755 psych.so ./.gem.20260114-2232-h8631l

current directory: /home/runner/work/tgj-calendar-2026/tgj-calendar-2026/vendor/bundle/ruby/3.4.0/gems/psych-5.3.1/ext/psych
make DESTDIR\= sitearchdir\=./.gem.20260114-2232-h8631l sitelibdir\=./.gem.20260114-2232-h8631l clean
cd libyaml && make clean
/bin/sh: 1: cd: can't cd to libyaml
make: [Makefile:287: clean-so] Error 2 (ignored)
